// Jest Snapshot v1, https://goo.gl/fbAQLP

exports[`Home matches the snapshot 1`] = `
ShallowWrapper {
  Symbol(enzyme.__root__): [Circular],
  Symbol(enzyme.__unrendered__): <Home
    fetchingData={false}
    flickrFeedItems={
      Array [
        Object {
          "media": Object {
            "author": "authorTest",
            "author_id": "123",
            "description": "descriptionTest",
            "link": "linkTest",
            "m": "mediaTest",
            "tags": "tagsTest",
            "title": "titleTest",
          },
        },
      ]
    }
    getFlickrFeed={[MockFunction]}
  />,
  Symbol(enzyme.__renderer__): Object {
    "batchedUpdates": [Function],
    "checkPropTypes": [Function],
    "getNode": [Function],
    "render": [Function],
    "simulateError": [Function],
    "simulateEvent": [Function],
    "unmount": [Function],
  },
  Symbol(enzyme.__node__): Object {
    "instance": null,
    "key": undefined,
    "nodeType": "host",
    "props": Object {
      "children": Array [
        <FlickrCard
          image="mediaTest"
        />,
      ],
      "className": "flex flex-wrap ml6-l ml5 mt5 mb4",
    },
    "ref": null,
    "rendered": Array [
      Object {
        "instance": null,
        "key": "NaNmediaTest",
        "nodeType": "class",
        "props": Object {
          "author": undefined,
          "author_id": undefined,
          "description": undefined,
          "image": "mediaTest",
          "link": undefined,
          "tags": undefined,
          "title": undefined,
        },
        "ref": null,
        "rendered": null,
        "type": [Function],
      },
    ],
    "type": "div",
  },
  Symbol(enzyme.__nodes__): Array [
    Object {
      "instance": null,
      "key": undefined,
      "nodeType": "host",
      "props": Object {
        "children": Array [
          <FlickrCard
            image="mediaTest"
          />,
        ],
        "className": "flex flex-wrap ml6-l ml5 mt5 mb4",
      },
      "ref": null,
      "rendered": Array [
        Object {
          "instance": null,
          "key": "NaNmediaTest",
          "nodeType": "class",
          "props": Object {
            "author": undefined,
            "author_id": undefined,
            "description": undefined,
            "image": "mediaTest",
            "link": undefined,
            "tags": undefined,
            "title": undefined,
          },
          "ref": null,
          "rendered": null,
          "type": [Function],
        },
      ],
      "type": "div",
    },
  ],
  Symbol(enzyme.__options__): Object {
    "adapter": ReactSixteenAdapter {
      "options": Object {
        "enableComponentDidUpdateOnSetState": true,
        "legacyContextMode": "parent",
        "lifecycles": Object {
          "componentDidUpdate": Object {
            "onSetState": true,
          },
          "getChildContext": Object {
            "calledByRenderer": false,
          },
          "getDerivedStateFromProps": true,
          "getSnapshotBeforeUpdate": true,
          "setState": Object {
            "skipsComponentDidUpdateOnNullish": true,
          },
        },
      },
    },
  },
  Symbol(enzyme.__childContext__): null,
}
`;
