// Jest Snapshot v1, https://goo.gl/fbAQLP

exports[`ForumCard matches the snapshot 1`] = `
ShallowWrapper {
  Symbol(enzyme.__root__): [Circular],
  Symbol(enzyme.__unrendered__): <ForumCard
    author="authorTest"
    author_id="123Test"
    description="descriptionTest"
    link="linkTest"
    title="titleTest"
  />,
  Symbol(enzyme.__renderer__): Object {
    "batchedUpdates": [Function],
    "checkPropTypes": [Function],
    "getNode": [Function],
    "render": [Function],
    "simulateError": [Function],
    "simulateEvent": [Function],
    "unmount": [Function],
  },
  Symbol(enzyme.__node__): Object {
    "instance": null,
    "key": undefined,
    "nodeType": "host",
    "props": Object {
      "children": Array [
        <p>
          <a
            href="linkTest"
          >
            titleTest
          </a>
           by
          <a
            href="https://www.flickr.com/photos/123Test"
          >
             authorTest
          </a>
        </p>,
        <p
          className="mt4"
          dangerouslySetInnerHTML={
            Object {
              "__html": "Description descriptionTest",
            }
          }
        />,
      ],
      "className": "ba pa3 ma4 overflow-hidden",
    },
    "ref": null,
    "rendered": Array [
      Object {
        "instance": null,
        "key": undefined,
        "nodeType": "host",
        "props": Object {
          "children": Array [
            <a
              href="linkTest"
            >
              titleTest
            </a>,
            " by",
            <a
              href="https://www.flickr.com/photos/123Test"
            >
               authorTest
            </a>,
          ],
        },
        "ref": null,
        "rendered": Array [
          Object {
            "instance": null,
            "key": undefined,
            "nodeType": "host",
            "props": Object {
              "children": "titleTest",
              "href": "linkTest",
            },
            "ref": null,
            "rendered": "titleTest",
            "type": "a",
          },
          " by",
          Object {
            "instance": null,
            "key": undefined,
            "nodeType": "host",
            "props": Object {
              "children": " authorTest",
              "href": "https://www.flickr.com/photos/123Test",
            },
            "ref": null,
            "rendered": " authorTest",
            "type": "a",
          },
        ],
        "type": "p",
      },
      Object {
        "instance": null,
        "key": undefined,
        "nodeType": "host",
        "props": Object {
          "className": "mt4",
          "dangerouslySetInnerHTML": Object {
            "__html": "Description descriptionTest",
          },
        },
        "ref": null,
        "rendered": null,
        "type": "p",
      },
    ],
    "type": "div",
  },
  Symbol(enzyme.__nodes__): Array [
    Object {
      "instance": null,
      "key": undefined,
      "nodeType": "host",
      "props": Object {
        "children": Array [
          <p>
            <a
              href="linkTest"
            >
              titleTest
            </a>
             by
            <a
              href="https://www.flickr.com/photos/123Test"
            >
               authorTest
            </a>
          </p>,
          <p
            className="mt4"
            dangerouslySetInnerHTML={
              Object {
                "__html": "Description descriptionTest",
              }
            }
          />,
        ],
        "className": "ba pa3 ma4 overflow-hidden",
      },
      "ref": null,
      "rendered": Array [
        Object {
          "instance": null,
          "key": undefined,
          "nodeType": "host",
          "props": Object {
            "children": Array [
              <a
                href="linkTest"
              >
                titleTest
              </a>,
              " by",
              <a
                href="https://www.flickr.com/photos/123Test"
              >
                 authorTest
              </a>,
            ],
          },
          "ref": null,
          "rendered": Array [
            Object {
              "instance": null,
              "key": undefined,
              "nodeType": "host",
              "props": Object {
                "children": "titleTest",
                "href": "linkTest",
              },
              "ref": null,
              "rendered": "titleTest",
              "type": "a",
            },
            " by",
            Object {
              "instance": null,
              "key": undefined,
              "nodeType": "host",
              "props": Object {
                "children": " authorTest",
                "href": "https://www.flickr.com/photos/123Test",
              },
              "ref": null,
              "rendered": " authorTest",
              "type": "a",
            },
          ],
          "type": "p",
        },
        Object {
          "instance": null,
          "key": undefined,
          "nodeType": "host",
          "props": Object {
            "className": "mt4",
            "dangerouslySetInnerHTML": Object {
              "__html": "Description descriptionTest",
            },
          },
          "ref": null,
          "rendered": null,
          "type": "p",
        },
      ],
      "type": "div",
    },
  ],
  Symbol(enzyme.__options__): Object {
    "adapter": ReactSixteenAdapter {
      "options": Object {
        "enableComponentDidUpdateOnSetState": true,
        "legacyContextMode": "parent",
        "lifecycles": Object {
          "componentDidUpdate": Object {
            "onSetState": true,
          },
          "getChildContext": Object {
            "calledByRenderer": false,
          },
          "getDerivedStateFromProps": true,
          "getSnapshotBeforeUpdate": true,
          "setState": Object {
            "skipsComponentDidUpdateOnNullish": true,
          },
        },
      },
    },
  },
}
`;
